Microchip MPLAB XC8 Compiler V2.45

Linker command line:

-W-3 \
  --edf=C:\Program Files\Microchip\xc8\v2.45\pic\dat\20230818022343_en.msgs \
  -cn -h+dist/default/debug\ESLAAAM.debug.sym \
  --cmf=dist/default/debug\ESLAAAM.debug.cmf -z -Q18F4620 \
  -oC:\Users\ES-ISL~1\AppData\Local\Temp\xcAs6s0.\driver_tmp_3.o \
  --defsym=__MPLAB_BUILD=1 --fixupoverflow=error \
  -Mdist/default/debug/ESLAAAM.debug.map \
  --md=C:\Users\ES-ISL~1\AppData\Local\Temp\xcAs6s0.\driver_tmp_0.dat -E1 \
  -ver=XC8 Compiler --acfsm=1493 -ACODE=00h-0FFFFh -ACONST=00h-0FFFFh \
  -ASMALLCONST=01000h-010FFhx240 -AMEDIUMCONST=01000h-0FFFFh \
  -ACOMRAM=01h-07Fh -AABS1=00h-0F7Fh -ABIGRAM=01h-0F7Fh \
  -ARAM=080h-0FFh,0100h-01FFhx14,0F00h-0F7Fh -ABANK0=080h-0FFh \
  -ABANK1=0100h-01FFh -ABANK2=0200h-02FFh -ABANK3=0300h-03FFh \
  -ABANK4=0400h-04FFh -ABANK5=0500h-05FFh -ABANK6=0600h-06FFh \
  -ABANK7=0700h-07FFh -ABANK8=0800h-08FFh -ABANK9=0900h-09FFh \
  -ABANK10=0A00h-0AFFh -ABANK11=0B00h-0BFFh -ABANK12=0C00h-0CFFh \
  -ABANK13=0D00h-0DFFh -ABANK14=0E00h-0EFFh -ABANK15=0F00h-0F7Fh \
  -ASFR=0F80h-0FFFh -ABIGSFR=0F80h-0FFFh -ACONFIG=0300000h-030000Dh \
  -AIDLOC=0200000h-0200007h -AEEDATA=0F00000h-0F003FFh -peeprom_data=EEDATA \
  -preset_vec=00h,intcode=08h,intcodelo=018h,powerup,init -pramtop=01000h \
  -psmallconst=SMALLCONST -pmediumconst=MEDIUMCONST -pconst=CONST \
  -AFARRAM=00h-00h \
  -prdata=COMRAM,nvrram=COMRAM,nvbit=COMRAM,rbss=COMRAM,rbit=COMRAM \
  -pfarbss=FARRAM,fardata=FARRAM,nvFARRAM=FARRAM \
  -pintsave_regs=BIGRAM,bigbss=BIGRAM,bigdata=BIGRAM -pbss=RAM \
  -pidata=CODE,irdata=CODE,ibigdata=CODE,ifardata=CODE -prparam=COMRAM \
  C:\Users\ES-ISL~1\AppData\Local\Temp\xcAs6s0.\driver_tmp_9.o \
  dist/default/debug\ESLAAAM.debug.o 

Object code version is 3.11

Machine type is 18F4620



                Name                               Link     Load   Length Selector   Space Scale
C:\Users\ES-ISL~1\AppData\Local\Temp\xcAs6s0.\driver_tmp_9.o
                config                           300000   300000        E        0       4
                init                                228      228        4        C       0
                reset_vec                             0        0        4        0       0
dist/default/debug\ESLAAAM.debug.o
                intcodelo                            18       18      210        C       0
                intcode                               8        8        6        4       0
                config                           300000   300000        E        0       4
                temp                                 77       77        1        1       1
                smallconst                         1000     1000        6      800       0
                text39                             18E6     18E6        2      BFA       0
                text38                             18E4     18E4        2      BFA       0
                text37                             18E2     18E2        2      BFA       0
                text36                             18E0     18E0        2      BFA       0
                text35                             1682     1682       32      803       0
                text34                             1616     1616       3A      803       0
                text33                             15DC     15DC       3A      803       0
                text32                             16E4     16E4       30      803       0
                text31                             1882     1882       12      BFA       0
                text30                             17B4     17B4       20      803       0
                text29                             1870     1870       12      BFA       0
                text28                             1794     1794       20      803       0
                text27                             18C8     18C8        C      BFA       0
                text26                             180E     180E       1A      BFA       0
                text25                             185E     185E       12      BFA       0
                text24                             1774     1774       20      803       0
                intcode_body                       1006     1006      21E      803       0
                text22                             18DE     18DE        2      BFA       0
                text21                             18DC     18DC        2      BFA       0
                text20                             18DA     18DA        2      BFA       0
                text19                             1650     1650       32      803       0
                text18                             15A2     15A2       3A      803       0
                text17                             1568     1568       3A      803       0
                text16                             16B4     16B4       30      803       0
                text15                             184C     184C       12      BFA       0
                text14                             1754     1754       20      803       0
                text13                             183A     183A       12      BFA       0
                text12                             1734     1734       20      803       0
                text11                             18BC     18BC        C      BFA       0
                text10                             17F4     17F4       1A      BFA       0
                text9                              1828     1828       12      BFA       0
                text8                              1714     1714       20      803       0
                text6                              1224     1224      108      803       0
                text5                              132C     132C       C8      803       0
                text4                              1494     1494       72      803       0
                text3                              13F4     13F4       A0      803       0
                text2                              18B0     18B0        C      BFA       0
                text1                              18D4     18D4        6      BFA       0
                text0                              18A4     18A4        C      BFA       0
                cstackCOMRAM                         67       67       10        1       1
                cstackBANK0                          9B       9B        4       80       1
                dataBANK0                            80       80       10       80       1
                bssBANK0                             90       90        B       80       1
                dataCOMRAM                           48       48       1F        1       1
                bssCOMRAM                             1        1       47        1       1
                cinit                              1506     1506       62      803       0
                idataBANK0                         1894     1894       10      BFA       0
                idataCOMRAM                        17D4     17D4       1F      803       0

TOTAL           Name                               Link     Load   Length     Space
        CLASS   CODE           
                intcodelo                            18       18      210         0
                intcode                               8        8        6         0
                init                                228      228        4         0
                reset_vec                             0        0        4         0
                text39                             18E6     18E6        2         0
                text38                             18E4     18E4        2         0
                text37                             18E2     18E2        2         0
                text36                             18E0     18E0        2         0
                text35                             1682     1682       32         0
                text34                             1616     1616       3A         0
                text33                             15DC     15DC       3A         0
                text32                             16E4     16E4       30         0
                text31                             1882     1882       12         0
                text30                             17B4     17B4       20         0
                text29                             1870     1870       12         0
                text28                             1794     1794       20         0
                text27                             18C8     18C8        C         0
                text26                             180E     180E       1A         0
                text25                             185E     185E       12         0
                text24                             1774     1774       20         0
                intcode_body                       1006     1006      21E         0
                text22                             18DE     18DE        2         0
                text21                             18DC     18DC        2         0
                text20                             18DA     18DA        2         0
                text19                             1650     1650       32         0
                text18                             15A2     15A2       3A         0
                text17                             1568     1568       3A         0
                text16                             16B4     16B4       30         0
                text15                             184C     184C       12         0
                text14                             1754     1754       20         0
                text13                             183A     183A       12         0
                text12                             1734     1734       20         0
                text11                             18BC     18BC        C         0
                text10                             17F4     17F4       1A         0
                text9                              1828     1828       12         0
                text8                              1714     1714       20         0
                text6                              1224     1224      108         0
                text5                              132C     132C       C8         0
                text4                              1494     1494       72         0
                text3                              13F4     13F4       A0         0
                text2                              18B0     18B0        C         0
                text1                              18D4     18D4        6         0
                text0                              18A4     18A4        C         0
                cinit                              1506     1506       62         0
                idataBANK0                         1894     1894       10         0
                idataCOMRAM                        17D4     17D4       1F         0

        CLASS   CONST          

        CLASS   SMALLCONST     
                smallconst                         1000     1000        6         0

        CLASS   MEDIUMCONST    

        CLASS   COMRAM         
                temp                                 77       77        1         1
                cstackCOMRAM                         67       67       10         1
                dataCOMRAM                           48       48       1F         1
                bssCOMRAM                             1        1       47         1

        CLASS   ABS1           

        CLASS   BIGRAM         

        CLASS   RAM            

        CLASS   BANK0          
                cstackBANK0                          9B       9B        4         1
                dataBANK0                            80       80       10         1
                bssBANK0                             90       90        B         1

        CLASS   BANK1          

        CLASS   BANK2          

        CLASS   BANK3          

        CLASS   BANK4          

        CLASS   BANK5          

        CLASS   BANK6          

        CLASS   BANK7          

        CLASS   BANK8          

        CLASS   BANK9          

        CLASS   BANK10         

        CLASS   BANK11         

        CLASS   BANK12         

        CLASS   BANK13         

        CLASS   BANK14         

        CLASS   BANK15         

        CLASS   SFR            

        CLASS   BIGSFR         

        CLASS   CONFIG         
                config                           300000   300000        E         4

        CLASS   IDLOC          

        CLASS   EEDATA         

        CLASS   FARRAM         

        CLASS   HEAP           

        CLASS   STACK          



SEGMENTS        Name                           Load    Length   Top    Selector   Space  Class

                reset_vec                      000000  000004  000004         0       0  CODE    
                bssCOMRAM                      000001  000077  000078         1       1  COMRAM  
                intcode                        000008  000006  00000E         4       0  CODE    
                intcodelo                      000018  000214  00022C         C       0  CODE    
                dataBANK0                      000080  00001F  00009F        80       1  BANK0   
                smallconst                     001000  000006  001006       800       0  SMALLCON
                intcode_body                   001006  0007ED  0017F3       803       0  CODE    
                text10                         0017F4  0000F4  0018E8       BFA       0  CODE    


UNUSED ADDRESS RANGES

        Name                Unused          Largest block    Delta
        BANK0            00009F-0000FF               61
        BANK1            000100-0001FF              100
        BANK10           000A00-000AFF              100
        BANK11           000B00-000BFF              100
        BANK12           000C00-000CFF              100
        BANK13           000D00-000DFF              100
        BANK14           000E00-000EFF              100
        BANK15           000F00-000F7F               80
        BANK2            000200-0002FF              100
        BANK3            000300-0003FF              100
        BANK4            000400-0004FF              100
        BANK5            000500-0005FF              100
        BANK6            000600-0006FF              100
        BANK7            000700-0007FF              100
        BANK8            000800-0008FF              100
        BANK9            000900-0009FF              100
        BIGRAM           000078-00007F                8
                         00009F-000F7F              EE1
        BIGSFR           000F80-000FFF               80
        CODE             000004-000007                4
                         00000E-000017                A
                         00022C-000FFF              DD4
                         0017F3-0017F3                1
                         0018E8-00FFFF             E718
        COMRAM           000078-00007F                8
        CONST            000004-000007                4
                         00000E-000017                A
                         00022C-000FFF              DD4
                         0017F3-0017F3                1
                         0018E8-00FFFF             E718
        EEDATA           F00000-F003FF              400
        IDLOC            200000-200007                8
        MEDIUMCONST      0017F3-0017F3                1
                         0018E8-00FFFF             E718
        RAM              00009F-000F7F              100
        SFR              000F80-000FFF               80
        SMALLCONST       0017F3-0017F3                1
                         0018E8-00FFFF              100

                                  Symbol Table

TIMER0_WRITE@data                             cstackCOMRAM 00006A
TIMER1_WRITE@data                             cstackCOMRAM 00006A
TIMER2_WRITE@data                             cstackCOMRAM 00006A
TIMER3_WRITE@data                             cstackCOMRAM 00006A
_ADCON0bits                                   (abs)        000FC2
_ADCON1bits                                   (abs)        000FC1
_ADCON2bits                                   (abs)        000FC0
_ADC_INTERRUPT_ISR                            text22       0018DE
_ADC_InterruptHandler                         bssCOMRAM    00002F
_ADRESH                                       (abs)        000FC4
_ADRESL                                       (abs)        000FC3
_ECU_layer_initialize                         text2        0018B0
_EEADR                                        (abs)        000FA9
_EEADRH                                       (abs)        000FAA
_EECON1bits                                   (abs)        000FA6
_EECON2                                       (abs)        000FA7
_EEDATA                                       (abs)        000FA8
_INT0_ISR                                     text39       0018E6
_INT0_InterruptHandler                        bssCOMRAM    00002D
_INT1_ISR                                     text21       0018DC
_INT1_InterruptHandler                        bssCOMRAM    00002B
_INT2_ISR                                     text20       0018DA
_INT2_InterruptHandler                        bssCOMRAM    000029
_INTCON2bits                                  (abs)        000FF1
_INTCON3bits                                  (abs)        000FF0
_INTCONbits                                   (abs)        000FF2
_IPR1bits                                     (abs)        000F9F
_IPR2bits                                     (abs)        000FA2
_ISR_HIGH                                     intcode      000008
_ISR_LOW                                      intcodelo    000018
_LATA                                         (abs)        000F89
_LATB                                         (abs)        000F8A
_LATC                                         (abs)        000F8B
_LATD                                         (abs)        000F8C
_LATE                                         (abs)        000F8D
_LAT_REG                                      dataCOMRAM   000052
_PIE1bits                                     (abs)        000F9D
_PIE2bits                                     (abs)        000FA0
_PIR1bits                                     (abs)        000F9E
_PIR2bits                                     (abs)        000FA1
_PORTA                                        (abs)        000F80
_PORTB                                        (abs)        000F81
_PORTC                                        (abs)        000F82
_PORTD                                        (abs)        000F83
_PORTE                                        (abs)        000F84
_PORT_REG                                     dataCOMRAM   00005C
_RB4_ISR                                      text19       001650
_RB5_ISR                                      text18       0015A2
_RB6_ISR                                      text17       001568
_RB7_ISR                                      text16       0016B4
_RBx4_InterruptHandler_HIGH                   bssCOMRAM    000027
_RBx4_InterruptHandler_LOW                    bssCOMRAM    000025
_RBx5_InterruptHandler_HIGH                   bssCOMRAM    000023
_RBx5_InterruptHandler_LOW                    bssCOMRAM    000021
_RBx6_InterruptHandler_HIGH                   bssCOMRAM    00001F
_RBx6_InterruptHandler_LOW                    bssCOMRAM    00001D
_RBx7_InterruptHandler_HIGH                   bssCOMRAM    00001B
_RBx7_InterruptHandler_LOW                    bssCOMRAM    000019
_RCONbits                                     (abs)        000FD0
_T0CONbits                                    (abs)        000FD5
_T1CONbits                                    (abs)        000FCD
_T2CONbits                                    (abs)        000FCA
_T3CONbits                                    (abs)        000FB1
_TIMER0_INTERRUPT_ISR                         text14       001754
_TIMER0_InterruptHandler                      bssCOMRAM    000017
_TIMER0_WRITE                                 text15       00184C
_TIMER0_preload_value_default                 bssCOMRAM    000015
_TIMER1_INTERRUPT_ISR                         text12       001734
_TIMER1_InterruptHandler                      bssCOMRAM    000013
_TIMER1_WRITE                                 text13       00183A
_TIMER1_preload_value_default                 bssCOMRAM    000011
_TIMER2_INTERRUPT_ISR                         text10       0017F4
_TIMER2_InterruptHandler                      bssCOMRAM    00000F
_TIMER2_WRITE                                 text11       0018BC
_TIMER2_preload_value_default                 bssCOMRAM    000031
_TIMER3_INTERRUPT_ISR                         text8        001714
_TIMER3_InterruptHandler                      bssCOMRAM    00000D
_TIMER3_WRITE                                 text9        001828
_TIMER3_preload_value_default                 bssCOMRAM    00000B
_TMR0H                                        (abs)        000FD7
_TMR0L                                        (abs)        000FD6
_TMR1H                                        (abs)        000FCF
_TMR1L                                        (abs)        000FCE
_TMR2                                         (abs)        000FCC
_TMR3H                                        (abs)        000FB3
_TMR3L                                        (abs)        000FB2
_TRISA                                        (abs)        000F92
_TRISB                                        (abs)        000F93
_TRISC                                        (abs)        000F94
_TRISD                                        (abs)        000F95
_TRISE                                        (abs)        000F96
_TRIS_REG                                     dataCOMRAM   000048
__HRAM                                        (abs)        000000
__H__absolute__                               __absolute__ 000000
__Habs1                                       abs1         000000
__Hbank0                                      bank0        000000
__Hbank1                                      bank1        000000
__Hbank10                                     bank10       000000
__Hbank11                                     bank11       000000
__Hbank12                                     bank12       000000
__Hbank13                                     bank13       000000
__Hbank14                                     bank14       000000
__Hbank15                                     bank15       000000
__Hbank2                                      bank2        000000
__Hbank3                                      bank3        000000
__Hbank4                                      bank4        000000
__Hbank5                                      bank5        000000
__Hbank6                                      bank6        000000
__Hbank7                                      bank7        000000
__Hbank8                                      bank8        000000
__Hbank9                                      bank9        000000
__Hbigbss                                     bigbss       000000
__Hbigdata                                    bigdata      000000
__Hbigram                                     bigram       000000
__Hbigsfr                                     bigsfr       000000
__Hbss                                        bss          000000
__HbssBANK0                                   bssBANK0     000000
__HbssCOMRAM                                  bssCOMRAM    000000
__Hcinit                                      cinit        000000
__Hclrtext                                    clrtext      000000
__Hcomram                                     comram       000000
__Hconfig                                     config       30000E
__Hconst                                      const        000000
__HcstackBANK0                                cstackBANK0  000000
__HcstackCOMRAM                               cstackCOMRAM 000000
__Hdata                                       data         000000
__HdataBANK0                                  dataBANK0    000000
__HdataCOMRAM                                 dataCOMRAM   000000
__Heeprom_data                                eeprom_data  000000
__Hfarbss                                     farbss       000000
__Hfardata                                    fardata      000000
__Hheap                                       heap         000000
__Hibigdata                                   ibigdata     000000
__Hidata                                      idata        000000
__HidataBANK0                                 idataBANK0   000000
__HidataCOMRAM                                idataCOMRAM  000000
__Hidloc                                      idloc        000000
__Hifardata                                   ifardata     000000
__Hinit                                       init         00022C
__Hintcode                                    intcode      00000E
__Hintcode_body                               intcode_body 000000
__Hintcodelo                                  intcodelo    000228
__Hintentry                                   intentry     000000
__Hintret                                     intret       000000
__Hintsave_regs                               intsave_regs 000000
__Hirdata                                     irdata       000000
__Hmediumconst                                mediumconst  000000
__HnvFARRAM                                   nvFARRAM     000000
__Hnvbit                                      nvbit        000000
__Hnvrram                                     nvrram       000000
__Hparam                                      rparam       000000
__Hpowerup                                    powerup      000228
__Hram                                        ram          000000
__Hramtop                                     ramtop       001000
__Hrbit                                       rbit         000000
__Hrbss                                       rbss         000000
__Hrdata                                      rdata        000000
__Hreset_vec                                  reset_vec    000004
__Hrparam                                     rparam       000000
__Hsfr                                        sfr          000000
__Hsmallconst                                 smallconst   001006
__Hspace_0                                    (abs)        0018E8
__Hspace_1                                    (abs)        00009F
__Hspace_2                                    (abs)        000000
__Hspace_4                                    (abs)        60000E
__Hstack                                      stack        000000
__Hstruct                                     struct       000000
__Htemp                                       temp         000078
__Htext                                       text         000000
__Htext0                                      text0        000000
__Htext1                                      text1        000000
__Htext10                                     text10       000000
__Htext11                                     text11       000000
__Htext12                                     text12       000000
__Htext13                                     text13       000000
__Htext14                                     text14       000000
__Htext15                                     text15       000000
__Htext16                                     text16       000000
__Htext17                                     text17       000000
__Htext18                                     text18       000000
__Htext19                                     text19       000000
__Htext2                                      text2        000000
__Htext20                                     text20       000000
__Htext21                                     text21       000000
__Htext22                                     text22       000000
__Htext24                                     text24       000000
__Htext25                                     text25       000000
__Htext26                                     text26       000000
__Htext27                                     text27       000000
__Htext28                                     text28       000000
__Htext29                                     text29       000000
__Htext3                                      text3        000000
__Htext30                                     text30       000000
__Htext31                                     text31       000000
__Htext32                                     text32       000000
__Htext33                                     text33       000000
__Htext34                                     text34       000000
__Htext35                                     text35       000000
__Htext36                                     text36       000000
__Htext37                                     text37       000000
__Htext38                                     text38       000000
__Htext39                                     text39       000000
__Htext4                                      text4        000000
__Htext5                                      text5        000000
__Htext6                                      text6        000000
__Htext8                                      text8        000000
__Htext9                                      text9        000000
__LRAM                                        (abs)        000001
__L__absolute__                               __absolute__ 000000
__Labs1                                       abs1         000000
__Lbank0                                      bank0        000000
__Lbank1                                      bank1        000000
__Lbank10                                     bank10       000000
__Lbank11                                     bank11       000000
__Lbank12                                     bank12       000000
__Lbank13                                     bank13       000000
__Lbank14                                     bank14       000000
__Lbank15                                     bank15       000000
__Lbank2                                      bank2        000000
__Lbank3                                      bank3        000000
__Lbank4                                      bank4        000000
__Lbank5                                      bank5        000000
__Lbank6                                      bank6        000000
__Lbank7                                      bank7        000000
__Lbank8                                      bank8        000000
__Lbank9                                      bank9        000000
__Lbigbss                                     bigbss       000000
__Lbigdata                                    bigdata      000000
__Lbigram                                     bigram       000000
__Lbigsfr                                     bigsfr       000000
__Lbss                                        bss          000000
__LbssBANK0                                   bssBANK0     000000
__LbssCOMRAM                                  bssCOMRAM    000000
__Lcinit                                      cinit        000000
__Lclrtext                                    clrtext      000000
__Lcomram                                     comram       000000
__Lconfig                                     config       000000
__Lconst                                      const        000000
__LcstackBANK0                                cstackBANK0  000000
__LcstackCOMRAM                               cstackCOMRAM 000000
__Ldata                                       data         000000
__LdataBANK0                                  dataBANK0    000000
__LdataCOMRAM                                 dataCOMRAM   000000
__Leeprom_data                                eeprom_data  000000
__Lfarbss                                     farbss       000000
__Lfardata                                    fardata      000000
__Lheap                                       heap         000000
__Libigdata                                   ibigdata     000000
__Lidata                                      idata        000000
__LidataBANK0                                 idataBANK0   000000
__LidataCOMRAM                                idataCOMRAM  000000
__Lidloc                                      idloc        000000
__Lifardata                                   ifardata     000000
__Linit                                       init         000228
__Lintcode                                    intcode      000008
__Lintcode_body                               intcode_body 000000
__Lintcodelo                                  intcodelo    000018
__Lintentry                                   intentry     000000
__Lintret                                     intret       000000
__Lintsave_regs                               intsave_regs 000000
__Lirdata                                     irdata       000000
__Lmediumconst                                mediumconst  000000
__LnvFARRAM                                   nvFARRAM     000000
__Lnvbit                                      nvbit        000000
__Lnvrram                                     nvrram       000000
__Lparam                                      rparam       000000
__Lpowerup                                    powerup      000228
__Lram                                        ram          000000
__Lramtop                                     ramtop       001000
__Lrbit                                       rbit         000000
__Lrbss                                       rbss         000000
__Lrdata                                      rdata        000000
__Lreset_vec                                  reset_vec    000000
__Lrparam                                     rparam       000000
__Lsfr                                        sfr          000000
__Lsmallconst                                 smallconst   001000
__Lspace_0                                    (abs)        000000
__Lspace_1                                    (abs)        000000
__Lspace_2                                    (abs)        000000
__Lspace_4                                    (abs)        000000
__Lstack                                      stack        000000
__Lstruct                                     struct       000000
__Ltemp                                       temp         000077
__Ltext                                       text         000000
__Ltext0                                      text0        000000
__Ltext1                                      text1        000000
__Ltext10                                     text10       000000
__Ltext11                                     text11       000000
__Ltext12                                     text12       000000
__Ltext13                                     text13       000000
__Ltext14                                     text14       000000
__Ltext15                                     text15       000000
__Ltext16                                     text16       000000
__Ltext17                                     text17       000000
__Ltext18                                     text18       000000
__Ltext19                                     text19       000000
__Ltext2                                      text2        000000
__Ltext20                                     text20       000000
__Ltext21                                     text21       000000
__Ltext22                                     text22       000000
__Ltext24                                     text24       000000
__Ltext25                                     text25       000000
__Ltext26                                     text26       000000
__Ltext27                                     text27       000000
__Ltext28                                     text28       000000
__Ltext29                                     text29       000000
__Ltext3                                      text3        000000
__Ltext30                                     text30       000000
__Ltext31                                     text31       000000
__Ltext32                                     text32       000000
__Ltext33                                     text33       000000
__Ltext34                                     text34       000000
__Ltext35                                     text35       000000
__Ltext36                                     text36       000000
__Ltext37                                     text37       000000
__Ltext38                                     text38       000000
__Ltext39                                     text39       000000
__Ltext4                                      text4        000000
__Ltext5                                      text5        000000
__Ltext6                                      text6        000000
__Ltext8                                      text8        000000
__Ltext9                                      text9        000000
__S0                                          (abs)        0018E8
__S1                                          (abs)        00009F
__S4                                          (abs)        000000
__S5                                          (abs)        000000
___heap_hi                                    (abs)        000000
___heap_lo                                    (abs)        000000
___inthi_sp                                   stack        000000
___inthi_stack_hi                             stack        000000
___inthi_stack_lo                             stack        000000
___intlo_sp                                   stack        000000
___intlo_stack_hi                             stack        000000
___intlo_stack_lo                             stack        000000
___param_bank                                 (abs)        000000
___rparam_used                                (abs)        000001
___sp                                         stack        000000
___stack_hi                                   stack        000000
___stack_lo                                   stack        000000
__accesstop                                   (abs)        000080
__activetblptr                                (abs)        000003
__end_of_ADC_INTERRUPT_ISR                    text22       0018E0
__end_of_ECU_layer_initialize                 text2        0018BC
__end_of_INT0_ISR                             text39       0018E8
__end_of_INT1_ISR                             text21       0018DE
__end_of_INT2_ISR                             text20       0018DC
__end_of_ISR_HIGH                             intcode_body 001224
__end_of_ISR_LOW                              intcodelo    000228
__end_of_RB4_ISR                              text19       001682
__end_of_RB5_ISR                              text18       0015DC
__end_of_RB6_ISR                              text17       0015A2
__end_of_RB7_ISR                              text16       0016E4
__end_of_TIMER0_INTERRUPT_ISR                 text14       001774
__end_of_TIMER0_WRITE                         text15       00185E
__end_of_TIMER1_INTERRUPT_ISR                 text12       001754
__end_of_TIMER1_WRITE                         text13       00184C
__end_of_TIMER2_INTERRUPT_ISR                 text10       00180E
__end_of_TIMER2_WRITE                         text11       0018C8
__end_of_TIMER3_INTERRUPT_ISR                 text8        001734
__end_of_TIMER3_WRITE                         text9        00183A
__end_of__initialization                      cinit        00155E
__end_of_application_initialize               text1        0018DA
__end_of_gpio_pin_direction_initialize        text6        00132C
__end_of_gpio_pin_initialize                  text4        001506
__end_of_gpio_pin_write                       text5        0013F4
__end_of_led_initialize                       text3        001494
__end_of_main                                 text0        0018B0
__end_ofi2_ADC_INTERRUPT_ISR                  text38       0018E6
__end_ofi2_INT1_ISR                           text37       0018E4
__end_ofi2_INT2_ISR                           text36       0018E2
__end_ofi2_RB4_ISR                            text35       0016B4
__end_ofi2_RB5_ISR                            text34       001650
__end_ofi2_RB6_ISR                            text33       001616
__end_ofi2_RB7_ISR                            text32       001714
__end_ofi2_TIMER0_INTERRUPT_ISR               text30       0017D4
__end_ofi2_TIMER0_WRITE                       text31       001894
__end_ofi2_TIMER1_INTERRUPT_ISR               text28       0017B4
__end_ofi2_TIMER1_WRITE                       text29       001882
__end_ofi2_TIMER2_INTERRUPT_ISR               text26       001828
__end_ofi2_TIMER2_WRITE                       text27       0018D4
__end_ofi2_TIMER3_INTERRUPT_ISR               text24       001794
__end_ofi2_TIMER3_WRITE                       text25       001870
__initialization                              cinit        001506
__mediumconst                                 mediumconst  000000
__pbssBANK0                                   bssBANK0     000090
__pbssCOMRAM                                  bssCOMRAM    000001
__pcinit                                      cinit        001506
__pcstackBANK0                                cstackBANK0  00009B
__pcstackCOMRAM                               cstackCOMRAM 000067
__pdataBANK0                                  dataBANK0    000080
__pdataCOMRAM                                 dataCOMRAM   000048
__pidataBANK0                                 idataBANK0   001894
__pidataCOMRAM                                idataCOMRAM  0017D4
__pintcode                                    intcode      000008
__pintcode_body                               intcode_body 001006
__pintcodelo                                  intcodelo    000018
__psmallconst                                 smallconst   001000
__ptext0                                      text0        0018A4
__ptext1                                      text1        0018D4
__ptext10                                     text10       0017F4
__ptext11                                     text11       0018BC
__ptext12                                     text12       001734
__ptext13                                     text13       00183A
__ptext14                                     text14       001754
__ptext15                                     text15       00184C
__ptext16                                     text16       0016B4
__ptext17                                     text17       001568
__ptext18                                     text18       0015A2
__ptext19                                     text19       001650
__ptext2                                      text2        0018B0
__ptext20                                     text20       0018DA
__ptext21                                     text21       0018DC
__ptext22                                     text22       0018DE
__ptext24                                     text24       001774
__ptext25                                     text25       00185E
__ptext26                                     text26       00180E
__ptext27                                     text27       0018C8
__ptext28                                     text28       001794
__ptext29                                     text29       001870
__ptext3                                      text3        0013F4
__ptext30                                     text30       0017B4
__ptext31                                     text31       001882
__ptext32                                     text32       0016E4
__ptext33                                     text33       0015DC
__ptext34                                     text34       001616
__ptext35                                     text35       001682
__ptext36                                     text36       0018E0
__ptext37                                     text37       0018E2
__ptext38                                     text38       0018E4
__ptext39                                     text39       0018E6
__ptext4                                      text4        001494
__ptext5                                      text5        00132C
__ptext6                                      text6        001224
__ptext8                                      text8        001714
__ptext9                                      text9        001828
__ramtop                                      ramtop       001000
__smallconst                                  smallconst   001000
_application_initialize                       text1        0018D4
_gpio_pin_direction_initialize                text6        001224
_gpio_pin_initialize                          text4        001494
_gpio_pin_write                               text5        00132C
_led                                          dataCOMRAM   000066
_led_initialize                               text3        0013F4
_main                                         text0        0018A4
_matrix                                       dataBANK0    000080
_portb_prev                                   bssCOMRAM    000032
btemp                                         temp         000077
button_initialize@F3059                       bssCOMRAM    00003B
button_read@F3065                             bssCOMRAM    00003A
end_of_initialization                         cinit        00155E
gpio_pin_direction_initialize@ptr             cstackCOMRAM 00006F
gpio_pin_initialize@ptr                       cstackCOMRAM 000076
gpio_pin_write@logic                          cstackCOMRAM 000070
gpio_pin_write@ptr                            cstackCOMRAM 00006F
i2TIMER0_WRITE@data                           cstackCOMRAM 000067
i2TIMER1_WRITE@data                           cstackCOMRAM 000067
i2TIMER2_WRITE@data                           cstackCOMRAM 000067
i2TIMER3_WRITE@data                           cstackCOMRAM 000067
i2_ADC_INTERRUPT_ISR                          text38       0018E4
i2_INT1_ISR                                   text37       0018E2
i2_INT2_ISR                                   text36       0018E0
i2_RB4_ISR                                    text35       001682
i2_RB5_ISR                                    text34       001616
i2_RB6_ISR                                    text33       0015DC
i2_RB7_ISR                                    text32       0016E4
i2_TIMER0_INTERRUPT_ISR                       text30       0017B4
i2_TIMER0_WRITE                               text31       001882
i2_TIMER1_INTERRUPT_ISR                       text28       001794
i2_TIMER1_WRITE                               text29       001870
i2_TIMER2_INTERRUPT_ISR                       text26       00180E
i2_TIMER2_WRITE                               text27       0018C8
i2_TIMER3_INTERRUPT_ISR                       text24       001774
i2_TIMER3_WRITE                               text25       00185E
int$flags                                     temp         000077
int_func                                      intcode_body 001006
intlevel0                                     text         000000
intlevel1                                     text         000000
intlevel2                                     text         000000
intlevel3                                     text         000000
isa$std                                       (abs)        000001
isa$xinst                                     (abs)        000000
led_initialize@F3058                          bssCOMRAM    00003F
led_initialize@led                            cstackBANK0  00009E
led_initialize@ptr                            cstackBANK0  00009C
led_toggle@F3073                              bssCOMRAM    00003C
led_turn_off@F3068                            bssCOMRAM    00003D
led_turn_on@F3063                             bssCOMRAM    00003E
motor_initialize@F3061                        bssCOMRAM    000047
motor_initialize@F3063                        bssCOMRAM    000046
motor_rotate_left@F3075                       bssCOMRAM    000043
motor_rotate_left@F3077                       bssCOMRAM    000042
motor_rotate_right@F3068                      bssCOMRAM    000045
motor_rotate_right@F3070                      bssCOMRAM    000044
motor_stop@F3082                              bssCOMRAM    000041
motor_stop@F3084                              bssCOMRAM    000040
relay_initialize@F3058                        bssCOMRAM    000039
relay_toggle@F3073                            bssCOMRAM    000036
relay_turn_off@F3068                          bssCOMRAM    000037
relay_turn_on@F3063                           bssCOMRAM    000038
seven_segment_activate@F3068                  bssCOMRAM    000035
seven_segment_activation_pin_initialize@F3080 bssCOMRAM    000033
seven_segment_deactivate@F3074                bssCOMRAM    000034
stackhi                                       (abs)        000000
stacklo                                       (abs)        000000
start                                         init         000228
start_initialization                          cinit        001506
ttemp5                                        temp         000078
ttemp6                                        temp         00007B
ttemp7                                        temp         00007F
wtemp8                                        temp         000078


MODULE INFORMATION

Module		Function		Class		Link	Load	Size
MCAL_LAYER/Timer1/timer1.c
		_TIMER1_WRITE  		CODE           	183A	0000	18
		_TIMER1_INTERRUPT_ISR		CODE           	1734	0000	32

MCAL_LAYER/Timer1/timer1.c estimated size: 50

MCAL_LAYER/ADC/ADC.c
		_ADC_INTERRUPT_ISR		CODE           	18DE	0000	2

MCAL_LAYER/ADC/ADC.c estimated size: 2

ECU_LAYER/LED/led.c
		_led_initialize		CODE           	13F4	0000	160

ECU_LAYER/LED/led.c estimated size: 160

MCAL_LAYER/Timer0/time0.c
		_TIMER0_WRITE  		CODE           	184C	0000	18
		_TIMER0_INTERRUPT_ISR		CODE           	1754	0000	32

MCAL_LAYER/Timer0/time0.c estimated size: 50

MCAL_LAYER/Interrupt/Interrupt_ISR.c
		_ISR_LOW       		CODE           	0018	0000	528
		_ISR_HIGH      		CODE           	0008	0000	548

MCAL_LAYER/Interrupt/Interrupt_ISR.c estimated size: 1076

shared
		i2_RB6_ISR     		CODE           	15DC	0000	58
		i2_TIMER0_WRITE		CODE           	1882	0000	18
		i2_TIMER1_WRITE		CODE           	1870	0000	18
		i2_TIMER2_WRITE		CODE           	18C8	0000	12
		i2_TIMER3_WRITE		CODE           	185E	0000	18
		i2_INT1_ISR    		CODE           	18E2	0000	2
		i2_RB7_ISR     		CODE           	16E4	0000	48
		i2_TIMER0_INTERRUPT_ISR		CODE           	17B4	0000	32
		i2_TIMER1_INTERRUPT_ISR		CODE           	1794	0000	32
		i2_TIMER2_INTERRUPT_ISR		CODE           	180E	0000	26
		i2_TIMER3_INTERRUPT_ISR		CODE           	1774	0000	32
		__initialization		CODE           	1506	0000	88
		i2_INT2_ISR    		CODE           	18E0	0000	2
		i2_RB4_ISR     		CODE           	1682	0000	50
		i2_ADC_INTERRUPT_ISR		CODE           	18E4	0000	2
		i2_RB5_ISR     		CODE           	1616	0000	58

shared estimated size: 496

MCAL_LAYER/GPIO/gpio.c
		_gpio_pin_write		CODE           	132C	0000	200
		_gpio_pin_direction_initialize		CODE           	1224	0000	264
		_gpio_pin_initialize		CODE           	1494	0000	114

MCAL_LAYER/GPIO/gpio.c estimated size: 578

ECU_LAYER/ECU_layer_initialisation.c
		_ECU_layer_initialize		CODE           	18B0	0000	12

ECU_LAYER/ECU_layer_initialisation.c estimated size: 12

MCAL_LAYER/Timer3/timer3.c
		_TIMER3_WRITE  		CODE           	1828	0000	18
		_TIMER3_INTERRUPT_ISR		CODE           	1714	0000	32

MCAL_LAYER/Timer3/timer3.c estimated size: 50

application.c
		_application_initialize		CODE           	18D4	0000	6
		_main          		CODE           	18A4	0000	12

application.c estimated size: 18

MCAL_LAYER/Timer2/timer2.c
		_TIMER2_WRITE  		CODE           	18BC	0000	12
		_TIMER2_INTERRUPT_ISR		CODE           	17F4	0000	26

MCAL_LAYER/Timer2/timer2.c estimated size: 38

MCAL_LAYER/Interrupt/Interrupt_external.c
		_RB4_ISR       		CODE           	1650	0000	50
		_RB5_ISR       		CODE           	15A2	0000	58
		_RB6_ISR       		CODE           	1568	0000	58
		_RB7_ISR       		CODE           	16B4	0000	48
		_INT0_ISR      		CODE           	18E6	0000	2
		_INT1_ISR      		CODE           	18DC	0000	2
		_INT2_ISR      		CODE           	18DA	0000	2

MCAL_LAYER/Interrupt/Interrupt_external.c estimated size: 220

